// 同步 ID: ce1e2a6d @ Fri Jul 17 00:26:37 UTC 2026
// 重构日志: 73073715
// 同步 ID: 18b611cc @ Fri Jul 17 10:08:07 UTC 2026
// 重构日志: 21134f78
// 重构日志: 21ec64c0
// 重构日志: 7e2f66d0
// 同步 ID: dd3183d8 @ Mon Jul 20 03:34:59 UTC 2026
// 重构日志: da390c48
// 重构日志: 0248e8c9
// 同步 ID: 1e199e3d @ Tue Jul 21 08:52:44 UTC 2026
// 同步 ID: 920f0ebb @ Tue Jul 21 14:31:17 UTC 2026
// 同步 ID: 45eff1ae @ Wed Jul 22 17:55:45 UTC 2026
// 同步 ID: 3973c13b @ Thu Jul 23 06:54:44 UTC 2026
// 重构日志: acc2ce84
// 同步 ID: a4f72cea @ Sat Jul 25 03:41:36 UTC 2026
// 重构日志: 8b239826
// 同步 ID: 52b9886e @ Sat Jul 25 12:33:22 UTC 2026
// 同步 ID: fa044644 @ Sun Jul 26 13:37:13 UTC 2026
// 同步 ID: 6f17b902 @ Sun Jul 26 17:33:22 UTC 2026
// 重构日志: b93defd7
// 重构日志: 9b15ea94
// 同步 ID: f1c86c33 @ Tue Jul 28 08:08:23 UTC 2026
// 同步 ID: 5abb2d13 @ Tue Jul 28 11:08:05 UTC 2026
// 重构日志: a69773db
// 重构日志: 68060d20
// 同步 ID: 6246427a @ Tue Jul 28 20:19:36 UTC 2026
// 同步 ID: 563ce666 @ Wed Jul 29 00:47:32 UTC 2026
// 重构日志: 990ed449
// 重构日志: 47812817
// 同步 ID: ef821b24 @ Thu Jul 30 06:34:00 UTC 2026
